2026-07-26T07:36:37.9295465Z [mask] POOR WN5 @ +11 dB: 6,486,528 bits, 23 errors, 48 bursts (0 acquisition failures), 4287 s simulated, 4 workers — BER 3.55E-006, 97.5 % upper bound 5.32E-006 | uncoded 3.62E-002, deep-fade(<-6 dB) holds 47% of uncoded errors in 9% of bits, turbo 528c/0r/0a/0s
2026-07-26T07:37:59.5827093Z [mask] POOR WN6 @ +14 dB: 6,487,296 bits, 57 errors, 24 bursts (0 acquisition failures), 2144 s simulated, 4 workers — BER 8.79E-006 (direct, ≥30 errors) | uncoded 8.47E-002, deep-fade(<-6 dB) holds 27% of uncoded errors in 9% of bits, turbo 264c/0r/0a/0s
2026-07-26T07:47:19.8352700Z [mask] POOR WN2 @ +5 dB: 6,086,912 bits, 30 errors, 248 bursts (0 acquisition failures), 21517 s simulated, 4 workers — BER 4.93E-006 (direct, ≥30 errors) | uncoded 1.45E-001, deep-fade(<-6 dB) holds 21% of uncoded errors in 9% of bits, turbo 1984c/0r/0a/0s
2026-07-26T07:48:02.3435964Z [mask] POOR WN13 @ +11 dB: 3,243,520 bits, 0 errors, 16 bursts (0 acquisition failures), 1429 s simulated, 4 workers — BER 0.00E+000, 97.5 % upper bound 1.13E-006 | uncoded 1.05E-001, deep-fade(<-6 dB) holds 23% of uncoded errors in 8% of bits, turbo 176c/0r/0a/0s
2026-07-26T07:49:46.5152972Z [mask] POOR WN3 @ +7 dB: 3,192,960 bits, 0 errors, 60 bursts (0 acquisition failures), 5615 s simulated, 4 workers — BER 0.00E+000, 97.5 % upper bound 1.15E-006 | uncoded 5.99E-002, deep-fade(<-6 dB) holds 33% of uncoded errors in 9% of bits, turbo 780c/0r/0a/0s
2026-07-26T07:50:56.2371384Z [mask] POOR WN4 @ +10 dB: 3,406,848 bits, 0 errors, 32 bursts (0 acquisition failures), 2995 s simulated, 4 workers — BER 0.00E+000, 97.5 % upper bound 1.08E-006 | uncoded 3.87E-002, deep-fade(<-6 dB) holds 39% of uncoded errors in 9% of bits, turbo 416c/0r/0a/0s
2026-07-26T07:58:51.0685320Z [mask] POOR WN1 @ +3 dB: 3,039,488 bits, 0 errors, 248 bursts (0 acquisition failures), 21517 s simulated, 4 workers — BER 0.00E+000, 97.5 % upper bound 1.21E-006 | uncoded 1.67E-001, deep-fade(<-6 dB) holds 20% of uncoded errors in 9% of bits, turbo 1984c/0r/0a/0s
2026-07-26T08:02:37.7907456Z [mask] POOR WN0 @ -1 dB: 3,000,704 bits, 17978 errors, 476 bursts (0 acquisition failures), 42501 s simulated, 4 workers — BER 5.99E-003 (direct, ≥30 errors) | uncoded 5.03E-002, deep-fade(<-6 dB) holds 34% of uncoded errors in 9% of bits, turbo 0c/0r/0a/5236s
2026-07-26T08:02:45.1874619Z [mask] POOR WN8 @ +23 dB: 4,325,120 bits, 2145864 errors, 8 bursts (0 acquisition failures), 715 s simulated, 4 workers — BER 4.96E-001 (direct, ≥30 errors) | uncoded 2.62E-001, deep-fade(<-6 dB) holds 11% of uncoded errors in 9% of bits, turbo 0c/0r/0a/88s
2026-07-26T08:04:48.6749965Z [mask] POOR WN7 @ +19 dB: 3,243,776 bits, 562609 errors, 8 bursts (0 acquisition failures), 715 s simulated, 4 workers — BER 1.73E-001 (direct, ≥30 errors) | uncoded 1.67E-001, deep-fade(<-6 dB) holds 16% of uncoded errors in 9% of bits, turbo 57c/31r/0a/0s
2026-07-26T07:37:30.8235625Z [mask] POOR WN7 @ +19 dB (seed+10000): 3,243,776 bits, 615806 errors, 8 bursts (0 acquisition failures), 715 s simulated, 4 workers — BER 1.90E-001 (direct, ≥30 errors) | uncoded 1.72E-001, deep-fade(<-6 dB) holds 14% of uncoded errors in 8% of bits, turbo 54c/34r/0a/0s
2026-07-26T07:39:21.3000516Z [mask] POOR WN5 @ +11 dB (seed+10000): 6,486,528 bits, 0 errors, 48 bursts (0 acquisition failures), 4287 s simulated, 4 workers — BER 0.00E+000, 97.5 % upper bound 5.65E-007 | uncoded 3.54E-002, deep-fade(<-6 dB) holds 45% of uncoded errors in 9% of bits, turbo 528c/0r/0a/0s
2026-07-26T07:40:49.1499049Z [mask] POOR WN6 @ +14 dB (seed+10000): 6,487,296 bits, 57 errors, 24 bursts (0 acquisition failures), 2144 s simulated, 4 workers — BER 8.79E-006 (direct, ≥30 errors) | uncoded 8.13E-002, deep-fade(<-6 dB) holds 28% of uncoded errors in 9% of bits, turbo 264c/0r/0a/0s
2026-07-26T07:49:59.3557697Z [mask] POOR WN2 @ +5 dB (seed+10000): 6,086,912 bits, 29 errors, 248 bursts (0 acquisition failures), 21517 s simulated, 4 workers — BER 4.76E-006, 97.5 % upper bound 6.84E-006 | uncoded 1.45E-001, deep-fade(<-6 dB) holds 21% of uncoded errors in 9% of bits, turbo 1984c/0r/0a/0s
2026-07-26T07:51:32.2573994Z [mask] POOR WN13 @ +11 dB (seed+10000): 6,487,040 bits, 0 errors, 32 bursts (0 acquisition failures), 2858 s simulated, 4 workers — BER 0.00E+000, 97.5 % upper bound 5.65E-007 | uncoded 1.07E-001, deep-fade(<-6 dB) holds 26% of uncoded errors in 9% of bits, turbo 352c/0r/0a/0s
2026-07-26T07:53:13.9024926Z [mask] POOR WN3 @ +7 dB (seed+10000): 3,192,960 bits, 0 errors, 60 bursts (0 acquisition failures), 5615 s simulated, 4 workers — BER 0.00E+000, 97.5 % upper bound 1.15E-006 | uncoded 6.13E-002, deep-fade(<-6 dB) holds 33% of uncoded errors in 9% of bits, turbo 780c/0r/0a/0s
2026-07-26T07:54:23.2971198Z [mask] POOR WN4 @ +10 dB (seed+10000): 3,406,848 bits, 3 errors, 32 bursts (0 acquisition failures), 2995 s simulated, 4 workers — BER 8.81E-007, 97.5 % upper bound 2.57E-006 | uncoded 3.96E-002, deep-fade(<-6 dB) holds 40% of uncoded errors in 9% of bits, turbo 416c/0r/0a/0s
2026-07-26T08:02:18.5913235Z [mask] POOR WN1 @ +3 dB (seed+10000): 3,039,488 bits, 0 errors, 248 bursts (0 acquisition failures), 21517 s simulated, 4 workers — BER 0.00E+000, 97.5 % upper bound 1.21E-006 | uncoded 1.67E-001, deep-fade(<-6 dB) holds 20% of uncoded errors in 9% of bits, turbo 1984c/0r/0a/0s
2026-07-26T08:05:54.7883545Z [mask] POOR WN0 @ -1 dB (seed+10000): 3,000,704 bits, 19210 errors, 476 bursts (0 acquisition failures), 42501 s simulated, 4 workers — BER 6.40E-003 (direct, ≥30 errors) | uncoded 5.04E-002, deep-fade(<-6 dB) holds 34% of uncoded errors in 9% of bits, turbo 0c/0r/0a/5236s
2026-07-26T08:06:00.6164679Z [mask] POOR WN8 @ +23 dB (seed+10000): 4,325,120 bits, 2150887 errors, 8 bursts (0 acquisition failures), 715 s simulated, 4 workers — BER 4.97E-001 (direct, ≥30 errors) | uncoded 2.63E-001, deep-fade(<-6 dB) holds 12% of uncoded errors in 10% of bits, turbo 0c/0r/0a/88s
2026-07-26T07:37:24.6434035Z [mask] AWGN WN0 @ -6 dB: 3,000,704 bits, 0 errors, 476 bursts (0 acquisition failures), 42501 s simulated, 4 workers — BER 0.00E+000, 97.5 % upper bound 1.22E-006 | uncoded 2.56E-003, turbo 0c/0r/0a/5236s
2026-07-26T07:47:30.5559736Z [mask] AWGN WN1 @ -3 dB: 3,039,488 bits, 0 errors, 248 bursts (0 acquisition failures), 21517 s simulated, 4 workers — BER 0.00E+000, 97.5 % upper bound 1.21E-006 | uncoded 1.56E-001, turbo 1984c/0r/0a/0s
2026-07-26T07:54:49.6937595Z [mask] AWGN WN2 @ 0 dB: 3,043,456 bits, 0 errors, 124 bursts (0 acquisition failures), 10758 s simulated, 4 workers — BER 0.00E+000, 97.5 % upper bound 1.21E-006 | uncoded 7.44E-002, turbo 992c/0r/0a/0s
2026-07-26T07:57:46.9375709Z [mask] AWGN WN3 @ +3 dB: 3,192,960 bits, 0 errors, 60 bursts (0 acquisition failures), 5615 s simulated, 4 workers — BER 0.00E+000, 97.5 % upper bound 1.15E-006 | uncoded 2.75E-002, turbo 780c/0r/0a/0s
2026-07-26T07:59:20.8396139Z [mask] AWGN WN4 @ +5 dB: 3,406,848 bits, 0 errors, 32 bursts (0 acquisition failures), 2995 s simulated, 4 workers — BER 0.00E+000, 97.5 % upper bound 1.08E-006 | uncoded 6.68E-003, turbo 416c/0r/0a/0s
2026-07-26T08:00:39.1013986Z [mask] AWGN WN5 @ +6 dB: 3,243,264 bits, 0 errors, 24 bursts (0 acquisition failures), 2144 s simulated, 4 workers — BER 0.00E+000, 97.5 % upper bound 1.13E-006 | uncoded 1.54E-003, turbo 264c/0r/0a/0s
2026-07-26T08:01:18.2632491Z [mask] AWGN WN6 @ +9 dB: 3,243,648 bits, 0 errors, 12 bursts (0 acquisition failures), 1072 s simulated, 4 workers — BER 0.00E+000, 97.5 % upper bound 1.13E-006 | uncoded 1.45E-003, turbo 132c/0r/0a/0s
2026-07-26T08:01:45.1947142Z [mask] AWGN WN7 @ +13 dB: 3,243,776 bits, 0 errors, 8 bursts (0 acquisition failures), 715 s simulated, 4 workers — BER 0.00E+000, 97.5 % upper bound 1.13E-006 | uncoded 3.59E-003, turbo 88c/0r/0a/0s
2026-07-26T08:01:53.0312257Z [mask] AWGN WN8 @ +16 dB: 4,325,120 bits, 0 errors, 8 bursts (0 acquisition failures), 715 s simulated, 4 workers — BER 0.00E+000, 97.5 % upper bound 8.48E-007 | uncoded 3.97E-003, turbo 0c/0r/0a/88s
2026-07-26T08:02:43.5095295Z [mask] AWGN WN13 @ +6 dB: 3,243,520 bits, 0 errors, 16 bursts (0 acquisition failures), 1429 s simulated, 4 workers — BER 0.00E+000, 97.5 % upper bound 1.13E-006 | uncoded 1.92E-002, turbo 176c/0r/0a/0s
2026-07-26T08:06:45.4661813Z [mask] Static WID2 (0/3/9 ms) @ +9 dB (restated house bar): 3,043,456 bits, 0 errors, 124 bursts (0 acquisition failures), 10758 s simulated, 4 workers — BER 0.00E+000, 97.5 % upper bound 1.21E-006 | uncoded 7.21E-002, turbo 992c/0r/0a/0s
2026-07-26T08:07:22.1581870Z [mask] Doppler offset WN2 @ -75 Hz, 24 dB: 294,528 bits, 0 errors, 12 bursts (0 acquisition failures), 1041 s simulated, 4 workers — BER 0.00E+000, 97.5 % upper bound 1.25E-005 | uncoded 3.14E-005, turbo 96c/0r/0a/0s [SMOKE — below the §5.3 budget; not gate evidence]
2026-07-26T08:07:58.2662398Z [mask] Doppler offset WN2 @ +75 Hz, 24 dB: 294,528 bits, 0 errors, 12 bursts (0 acquisition failures), 1041 s simulated, 4 workers — BER 0.00E+000, 97.5 % upper bound 1.25E-005 | uncoded 3.31E-005, turbo 96c/0r/0a/0s [SMOKE — below the §5.3 budget; not gate evidence]
2026-07-26T08:08:08.0744000Z [mask] Doppler offset WN6 @ +75 Hz, 24 dB: 1,081,216 bits, 0 errors, 4 bursts (0 acquisition failures), 357 s simulated, 4 workers — BER 0.00E+000, 97.5 % upper bound 3.39E-006 | uncoded 0.00E+000, turbo 44c/0r/0a/0s [SMOKE — below the §5.3 budget; not gate evidence]
