15:57:05 lane-A done wn5-6m rc=0
15:57:59 lane-B done wn7-3md rc=0
15:58:08 lane-C done awgn-wn0 rc=0
15:58:25 lane-A done wn6-6m rc=0
15:59:50 lane-B done wn5-6md rc=0
16:01:18 lane-B done wn6-6md rc=0
16:07:44 lane-A done wn2-6m rc=0
16:08:05 lane-C done awgn-wn1 rc=0
16:08:25 lane-A done wn13-3m rc=0
16:10:08 lane-A done wn3-3m rc=0
16:10:29 lane-B done wn2-6md rc=0
16:11:17 lane-A done wn4-3m rc=0
16:11:57 lane-B done wn13-6md rc=0
16:13:38 lane-B done wn3-3md rc=0
16:14:47 lane-B done wn4-3md rc=0
16:15:23 lane-C done awgn-wn2 rc=0
16:18:18 lane-C done awgn-wn3 rc=0
16:19:07 lane-A done wn1-3m rc=0
16:19:51 lane-C done awgn-wn4 rc=0
16:21:09 lane-C done awgn-wn5 rc=0
16:21:47 lane-C done awgn-wn6 rc=0
16:22:14 lane-C done awgn-wn7 rc=0
16:22:22 lane-C done awgn-wn8 rc=0
16:22:36 lane-B done wn1-3md rc=0
16:23:12 lane-C done awgn-wn13 rc=0
16:23:14 lane-A done wn0-3m rc=0
16:23:22 lane-A done wn8-3m rc=0
16:26:12 lane-A done wn7-3m rc=0
16:26:12 lane-A LANE A COMPLETE
16:26:24 lane-B done wn0-3md rc=0
16:26:30 lane-B done wn8-3md rc=0
16:26:30 lane-B LANE B COMPLETE
16:27:16 lane-C done static rc=0
16:28:37 lane-C done doppler rc=0
16:28:37 lane-C LANE C COMPLETE
