23:06:18 battery start, HEAD=1dd16ab, exe 2026-08-20 23:02:37.359432634 +0000
23:08:46 lane-B done poord-wn5 rc=0 mask=line
23:08:48 lane-A done poor-wn5 rc=0 mask=line
23:09:07 lane-C done awgn-wn0 rc=0 mask=line
23:10:15 lane-B done poord-wn6 rc=0 mask=line
23:10:17 lane-A done poor-wn6 rc=0 mask=line
23:23:00 lane-C done awgn-wn1 rc=0 mask=line
23:23:47 lane-B done poord-wn2 rc=0 mask=line
23:23:56 lane-A done poor-wn2 rc=0 mask=line
23:24:40 lane-B done poord-wn13 rc=0 mask=line
23:24:47 lane-A done poor-wn13 rc=0 mask=line
23:26:46 lane-B done poord-wn3 rc=0 mask=line
23:26:56 lane-A done poor-wn3 rc=0 mask=line
23:28:08 lane-B done poord-wn4 rc=0 mask=line
23:28:16 lane-A done poor-wn4 rc=0 mask=line
23:31:23 lane-C done awgn-wn2 rc=0 mask=line
23:34:34 lane-C done awgn-wn3 rc=0 mask=line
23:36:20 lane-C done awgn-wn4 rc=0 mask=line
23:36:49 lane-B done poord-wn1 rc=0 mask=line
23:36:52 lane-A done poor-wn1 rc=0 mask=line
23:37:37 lane-C done awgn-wn5 rc=0 mask=line
23:38:22 lane-C done awgn-wn6 rc=0 mask=line
23:39:00 lane-C done awgn-wn7 rc=0 mask=line
23:40:10 lane-C done awgn-wn8 rc=0 mask=line
23:41:04 lane-C done awgn-wn13 rc=0 mask=line
23:41:16 lane-B done poord-wn0 rc=0 mask=line
23:41:23 lane-A done poor-wn0 rc=0 mask=line
23:42:27 lane-B done poord-wn8 rc=1 mask=line
23:42:35 lane-A done poor-wn8 rc=1 mask=line
23:45:30 lane-B done poord-wn7 rc=0 mask=line
23:45:30 lane-B LANE B COMPLETE
23:45:52 lane-C done static rc=0
23:45:57 lane-A done poor-wn7 rc=0 mask=line
23:45:57 lane-A LANE A COMPLETE
23:49:30 lane-C done doppler rc=0
23:49:30 lane-C LANE C COMPLETE
23:49:30 BATTERY COMPLETE
