06:39:08 battery start, HEAD=b2a745c, exe 2026-08-21 06:38:44.293079389 +0000
06:42:25 lane-B done poord-wn5 rc=0 mask=line
06:42:29 lane-A done poor-wn5 rc=0 mask=line
06:42:53 lane-C done awgn-wn0 rc=0 mask=line
06:44:06 lane-B done poord-wn6 rc=0 mask=line
06:44:11 lane-A done poor-wn6 rc=0 mask=line
06:56:19 lane-C done awgn-wn1 rc=0 mask=line
06:56:55 lane-B done poord-wn2 rc=0 mask=line
06:56:57 lane-A done poor-wn2 rc=0 mask=line
06:57:43 lane-B done poord-wn13 rc=0 mask=line
06:57:44 lane-A done poor-wn13 rc=0 mask=line
06:59:41 lane-B done poord-wn3 rc=0 mask=line
06:59:46 lane-A done poor-wn3 rc=0 mask=line
07:01:35 lane-B done poord-wn4 rc=0 mask=line
07:01:39 lane-A done poor-wn4 rc=0 mask=line
07:05:34 lane-C done awgn-wn2 rc=0 mask=line
07:09:06 lane-C done awgn-wn3 rc=0 mask=line
07:10:51 lane-C done awgn-wn4 rc=0 mask=line
07:11:29 lane-B done poord-wn1 rc=0 mask=line
07:11:31 lane-A done poor-wn1 rc=0 mask=line
07:12:09 lane-C done awgn-wn5 rc=0 mask=line
07:12:49 lane-C done awgn-wn6 rc=0 mask=line
07:14:16 lane-C done awgn-wn7 rc=0 mask=line
07:15:28 lane-C done awgn-wn8 rc=0 mask=line
07:15:33 lane-A done poor-wn0 rc=0 mask=line
07:15:56 lane-B done poord-wn0 rc=0 mask=line
07:16:24 lane-C done awgn-wn13 rc=0 mask=line
07:16:49 lane-A done poor-wn8 rc=0 mask=line
07:17:13 lane-B done poord-wn8 rc=0 mask=line
07:20:43 lane-B done poord-wn7 rc=0 mask=line
07:20:43 lane-B LANE B COMPLETE
07:20:46 lane-A done poor-wn7 rc=0 mask=line
07:20:46 lane-A LANE A COMPLETE
07:21:08 lane-C done static rc=0
07:24:46 lane-C done doppler rc=0
07:24:46 lane-C LANE C COMPLETE
07:24:46 BATTERY COMPLETE
