12:51:08 lane-A done wn5-6m rc=0
12:51:45 lane-C done awgn-wn0 rc=0
12:52:20 lane-B done wn7-3md rc=0
12:52:26 lane-A done wn6-6m rc=0
12:54:08 lane-B done wn5-6md rc=0
12:55:34 lane-B done wn6-6md rc=0
13:01:35 lane-C done awgn-wn1 rc=0
13:01:38 lane-A done wn2-6m rc=0
13:02:22 lane-A done wn13-3m rc=0
13:04:03 lane-A done wn3-3m rc=0
13:04:44 lane-B done wn2-6md rc=0
13:05:09 lane-A done wn4-3m rc=0
13:06:14 lane-B done wn13-6md rc=0
13:07:56 lane-B done wn3-3md rc=0
13:08:48 lane-C done awgn-wn2 rc=0
13:09:01 lane-B done wn4-3md rc=0
13:11:47 lane-C done awgn-wn3 rc=0
13:13:03 lane-A done wn1-3m rc=0
13:13:21 lane-C done awgn-wn4 rc=0
13:14:36 lane-C done awgn-wn5 rc=0
13:15:15 lane-C done awgn-wn6 rc=0
13:15:43 lane-C done awgn-wn7 rc=0
13:15:50 lane-C done awgn-wn8 rc=0
13:16:42 lane-C done awgn-wn13 rc=0
13:16:46 lane-A done wn0-3m rc=0
13:16:47 lane-B done wn1-3md rc=0
13:16:53 lane-A done wn8-3m rc=0
13:19:46 lane-A done wn7-3m rc=0
13:19:46 lane-A LANE A COMPLETE
13:20:12 lane-B done wn0-3md rc=0
13:20:18 lane-B done wn8-3md rc=0
13:20:18 lane-B LANE B COMPLETE
13:20:52 lane-C done static rc=0
13:22:12 lane-C done doppler rc=0
13:22:12 lane-C LANE C COMPLETE
