2026-07-25T17:17:15.1740358Z [mask] POOR WN7 @ +19 dB: 3,243,776 bits, 562609 errors, 8 bursts (0 acquisition failures), 715 s simulated, 4 workers — BER 1.73E-001 (direct, ≥30 errors) | uncoded 1.67E-001, deep-fade(<-6 dB) holds 16% of uncoded errors in 9% of bits, turbo 57c/31r/0a/0s
2026-07-25T17:18:44.7615291Z [mask] POOR WN7 @ +19 dB (seed+10000): 3,243,776 bits, 615806 errors, 8 bursts (0 acquisition failures), 715 s simulated, 4 workers — BER 1.90E-001 (direct, ≥30 errors) | uncoded 1.72E-001, deep-fade(<-6 dB) holds 14% of uncoded errors in 8% of bits, turbo 54c/34r/0a/0s
2026-07-25T17:19:44.5448784Z [mask] POOR WN6 @ +14 dB: 6,487,296 bits, 57 errors, 24 bursts (0 acquisition failures), 2144 s simulated, 4 workers — BER 8.79E-006 (direct, ≥30 errors) | uncoded 8.47E-002, deep-fade(<-6 dB) holds 27% of uncoded errors in 9% of bits, turbo 264c/0r/0a/0s
2026-07-25T17:20:44.6762924Z [mask] POOR WN6 @ +14 dB (seed+10000): 6,487,296 bits, 57 errors, 24 bursts (0 acquisition failures), 2144 s simulated, 4 workers — BER 8.79E-006 (direct, ≥30 errors) | uncoded 8.13E-002, deep-fade(<-6 dB) holds 28% of uncoded errors in 9% of bits, turbo 264c/0r/0a/0s
2026-07-25T17:21:15.5849922Z [mask] POOR WN13 @ +11 dB: 3,243,520 bits, 0 errors, 16 bursts (0 acquisition failures), 1429 s simulated, 4 workers — BER 0.00E+000, 97.5 % upper bound 1.13E-006 | uncoded 1.05E-001, deep-fade(<-6 dB) holds 23% of uncoded errors in 8% of bits, turbo 176c/0r/0a/0s
2026-07-25T17:22:17.4322610Z [mask] POOR WN13 @ +11 dB (seed+10000): 6,487,040 bits, 0 errors, 32 bursts (0 acquisition failures), 2858 s simulated, 4 workers — BER 0.00E+000, 97.5 % upper bound 5.65E-007 | uncoded 1.07E-001, deep-fade(<-6 dB) holds 26% of uncoded errors in 9% of bits, turbo 352c/0r/0a/0s
2026-07-25T17:25:28.0452225Z [mask] POOR WN2 @ +5 dB: 3,043,456 bits, 15 errors, 124 bursts (0 acquisition failures), 10758 s simulated, 4 workers — BER 4.93E-006, 97.5 % upper bound 8.13E-006 | uncoded 1.45E-001, deep-fade(<-6 dB) holds 21% of uncoded errors in 9% of bits, turbo 992c/0r/0a/0s
2026-07-25T17:28:37.8799600Z [mask] POOR WN2 @ +5 dB (seed+10000): 3,043,456 bits, 12 errors, 124 bursts (0 acquisition failures), 10758 s simulated, 4 workers — BER 3.94E-006, 97.5 % upper bound 6.89E-006 | uncoded 1.45E-001, deep-fade(<-6 dB) holds 21% of uncoded errors in 9% of bits, turbo 992c/0r/0a/0s
2026-07-25T17:34:00.5819711Z [mask] POOR WN1 @ +3 dB: 3,039,488 bits, 0 errors, 248 bursts (0 acquisition failures), 21517 s simulated, 4 workers — BER 0.00E+000, 97.5 % upper bound 1.21E-006 | uncoded 1.67E-001, deep-fade(<-6 dB) holds 20% of uncoded errors in 9% of bits, turbo 1984c/0r/0a/0s
2026-07-25T17:39:37.6163266Z [mask] POOR WN1 @ +3 dB (seed+10000): 3,039,488 bits, 0 errors, 248 bursts (0 acquisition failures), 21517 s simulated, 4 workers — BER 0.00E+000, 97.5 % upper bound 1.21E-006 | uncoded 1.67E-001, deep-fade(<-6 dB) holds 20% of uncoded errors in 9% of bits, turbo 1984c/0r/0a/0s
2026-07-25T17:39:52.0151277Z [mask] POOR WN5 @ +11 dB: 1,081,088 bits, 6 errors, 8 bursts (0 acquisition failures), 715 s simulated, 4 workers — BER 5.55E-006, 97.5 % upper bound 1.21E-005 | uncoded 3.27E-002, deep-fade(<-6 dB) holds 44% of uncoded errors in 9% of bits, turbo 88c/0r/0a/0s [SMOKE — below the §5.3 budget; not gate evidence]
2026-07-25T17:40:04.6482393Z [mask] POOR WN4 @ +10 dB: 851,712 bits, 0 errors, 8 bursts (0 acquisition failures), 749 s simulated, 4 workers — BER 0.00E+000, 97.5 % upper bound 4.31E-006 | uncoded 3.92E-002, deep-fade(<-6 dB) holds 42% of uncoded errors in 10% of bits, turbo 104c/0r/0a/0s [SMOKE — below the §5.3 budget; not gate evidence]
2026-07-25T17:40:20.7547416Z [mask] POOR WN3 @ +7 dB: 638,592 bits, 0 errors, 12 bursts (0 acquisition failures), 1123 s simulated, 4 workers — BER 0.00E+000, 97.5 % upper bound 5.74E-006 | uncoded 6.06E-002, deep-fade(<-6 dB) holds 33% of uncoded errors in 9% of bits, turbo 156c/0r/0a/0s [SMOKE — below the §5.3 budget; not gate evidence]
2026-07-25T17:41:32.8597774Z [mask] AWGN WN0 @ -6 dB: 3,000,704 bits, 0 errors, 476 bursts (0 acquisition failures), 42501 s simulated, 4 workers — BER 0.00E+000, 97.5 % upper bound 1.22E-006 | uncoded 1.61E-003, turbo 0c/0r/0a/5236s
2026-07-25T17:48:43.1028839Z [mask] AWGN WN1 @ -3 dB: 3,039,488 bits, 0 errors, 248 bursts (0 acquisition failures), 21517 s simulated, 4 workers — BER 0.00E+000, 97.5 % upper bound 1.21E-006 | uncoded 1.56E-001, turbo 1984c/0r/0a/0s
2026-07-25T17:55:05.4875099Z [mask] Static WID2 (0/3/9 ms) @ +9 dB (restated house bar): 3,043,456 bits, 0 errors, 124 bursts (0 acquisition failures), 10758 s simulated, 4 workers — BER 0.00E+000, 97.5 % upper bound 1.21E-006 | uncoded 7.21E-002, turbo 992c/0r/0a/0s
2026-07-25T17:55:45.5614012Z [mask] Doppler offset WN2 @ -75 Hz, 24 dB: 294,528 bits, 0 errors, 12 bursts (0 acquisition failures), 1041 s simulated, 4 workers — BER 0.00E+000, 97.5 % upper bound 1.25E-005 | uncoded 3.14E-005, turbo 96c/0r/0a/0s [SMOKE — below the §5.3 budget; not gate evidence]
2026-07-25T17:56:20.7528029Z [mask] Doppler offset WN2 @ +75 Hz, 24 dB: 294,528 bits, 0 errors, 12 bursts (0 acquisition failures), 1041 s simulated, 4 workers — BER 0.00E+000, 97.5 % upper bound 1.25E-005 | uncoded 3.31E-005, turbo 96c/0r/0a/0s [SMOKE — below the §5.3 budget; not gate evidence]
2026-07-25T17:56:30.3998891Z [mask] Doppler offset WN6 @ +75 Hz, 24 dB: 1,081,216 bits, 0 errors, 4 bursts (0 acquisition failures), 357 s simulated, 4 workers — BER 0.00E+000, 97.5 % upper bound 3.39E-006 | uncoded 0.00E+000, turbo 44c/0r/0a/0s [SMOKE — below the §5.3 budget; not gate evidence]
2026-07-25T18:01:45.5522216Z [mask] AWGN WN0 @ -6 dB: 3,000,704 bits, 0 errors, 476 bursts (0 acquisition failures), 42501 s simulated — BER 0.00E+000, 97.5 % upper bound 1.22E-006 | uncoded 1.66E-003, turbo 0c/0r/0a/5236s
2026-07-25T18:12:06.6599007Z [mask] AWGN WN0 @ -6 dB: 3,000,704 bits, 0 errors, 476 bursts (0 acquisition failures), 42501 s simulated — BER 0.00E+000, 97.5 % upper bound 1.22E-006 | uncoded 1.66E-003, turbo 0c/0r/0a/5236s
2026-07-25T18:37:02.6841203Z [mask] AWGN WN1 @ -3 dB: 3,002,720 bits, 0 errors, 245 bursts (0 acquisition failures), 21256 s simulated — BER 0.00E+000, 97.5 % upper bound 1.22E-006 | uncoded 1.56E-001, turbo 1960c/0r/0a/0s
2026-07-25T18:55:55.5045730Z [mask] AWGN WN2 @ 0 dB: 3,018,912 bits, 0 errors, 123 bursts (0 acquisition failures), 10671 s simulated — BER 0.00E+000, 97.5 % upper bound 1.22E-006 | uncoded 7.45E-002, turbo 984c/0r/0a/0s
2026-07-25T19:03:31.5020239Z [mask] AWGN WN3 @ +3 dB: 3,033,312 bits, 0 errors, 57 bursts (0 acquisition failures), 5334 s simulated — BER 0.00E+000, 97.5 % upper bound 1.21E-006 | uncoded 2.77E-002, turbo 741c/0r/0a/0s
2026-07-25T19:07:27.3984162Z [mask] AWGN WN4 @ +5 dB: 3,087,456 bits, 0 errors, 29 bursts (0 acquisition failures), 2714 s simulated — BER 0.00E+000, 97.5 % upper bound 1.19E-006 | uncoded 6.64E-003, turbo 377c/0r/0a/0s
2026-07-25T19:10:50.8184847Z [mask] AWGN WN5 @ +6 dB: 3,108,128 bits, 0 errors, 23 bursts (0 acquisition failures), 2054 s simulated — BER 0.00E+000, 97.5 % upper bound 1.18E-006 | uncoded 1.55E-003, turbo 253c/0r/0a/0s
2026-07-25T19:12:38.4138805Z [mask] AWGN WN6 @ +9 dB: 3,243,648 bits, 0 errors, 12 bursts (0 acquisition failures), 1072 s simulated — BER 0.00E+000, 97.5 % upper bound 1.13E-006 | uncoded 1.44E-003, turbo 132c/0r/0a/0s
2026-07-25T19:13:51.5734724Z [mask] AWGN WN7 @ +13 dB: 3,243,776 bits, 0 errors, 8 bursts (0 acquisition failures), 715 s simulated — BER 0.00E+000, 97.5 % upper bound 1.13E-006 | uncoded 3.64E-003, turbo 88c/0r/0a/0s
2026-07-25T19:14:05.5185613Z [mask] AWGN WN8 @ +16 dB: 3,243,840 bits, 0 errors, 6 bursts (0 acquisition failures), 536 s simulated — BER 0.00E+000, 97.5 % upper bound 1.13E-006 | uncoded 3.97E-003, turbo 0c/0r/0a/66s
2026-07-25T19:16:19.1313596Z [mask] AWGN WN13 @ +6 dB: 3,040,800 bits, 0 errors, 15 bursts (0 acquisition failures), 1340 s simulated — BER 0.00E+000, 97.5 % upper bound 1.21E-006 | uncoded 1.92E-002, turbo 165c/0r/0a/0s
