2026-07-25T10:55:26.4910142Z [mask] POOR WN7 @ +19 dB: 3,243,776 bits, 808875 errors, 8 bursts (0 acquisition failures), 715 s simulated, 4 workers — BER 2.49E-001 (direct, ≥30 errors) | uncoded 1.67E-001, deep-fade(<-6 dB) holds 16% of uncoded errors in 9% of bits, turbo 43c/45r/0a/0s
2026-07-25T10:57:18.0032054Z [mask] POOR WN7 @ +19 dB (seed+10000): 3,243,776 bits, 810511 errors, 8 bursts (0 acquisition failures), 715 s simulated, 4 workers — BER 2.50E-001 (direct, ≥30 errors) | uncoded 1.72E-001, deep-fade(<-6 dB) holds 14% of uncoded errors in 8% of bits, turbo 43c/45r/0a/0s
2026-07-25T10:57:48.7336501Z [mask] POOR WN6 @ +14 dB: 3,243,648 bits, 24 errors, 12 bursts (0 acquisition failures), 1072 s simulated, 4 workers — BER 7.40E-006, 97.5 % upper bound 1.10E-005 | uncoded 8.38E-002, deep-fade(<-6 dB) holds 27% of uncoded errors in 9% of bits, turbo 132c/0r/0a/0s
2026-07-25T10:58:19.6264252Z [mask] POOR WN6 @ +14 dB (seed+10000): 3,243,648 bits, 21 errors, 12 bursts (0 acquisition failures), 1072 s simulated, 4 workers — BER 6.47E-006, 97.5 % upper bound 9.90E-006 | uncoded 8.09E-002, deep-fade(<-6 dB) holds 28% of uncoded errors in 9% of bits, turbo 132c/0r/0a/0s
2026-07-25T10:58:50.9106157Z [mask] POOR WN13 @ +11 dB: 3,243,520 bits, 0 errors, 16 bursts (0 acquisition failures), 1429 s simulated, 4 workers — BER 0.00E+000, 97.5 % upper bound 1.13E-006 | uncoded 1.05E-001, deep-fade(<-6 dB) holds 23% of uncoded errors in 8% of bits, turbo 176c/0r/0a/0s
2026-07-25T10:59:52.8826684Z [mask] POOR WN13 @ +11 dB (seed+10000): 6,487,040 bits, 2 errors, 32 bursts (0 acquisition failures), 2858 s simulated, 4 workers — BER 3.08E-007, 97.5 % upper bound 1.11E-006 | uncoded 1.07E-001, deep-fade(<-6 dB) holds 26% of uncoded errors in 9% of bits, turbo 352c/0r/0a/0s
2026-07-25T11:03:05.1124155Z [mask] POOR WN2 @ +5 dB: 3,043,456 bits, 15 errors, 124 bursts (0 acquisition failures), 10758 s simulated, 4 workers — BER 4.93E-006, 97.5 % upper bound 8.13E-006 | uncoded 1.45E-001, deep-fade(<-6 dB) holds 21% of uncoded errors in 9% of bits, turbo 992c/0r/0a/0s
2026-07-25T11:06:15.4810274Z [mask] POOR WN2 @ +5 dB (seed+10000): 3,043,456 bits, 15 errors, 124 bursts (0 acquisition failures), 10758 s simulated, 4 workers — BER 4.93E-006, 97.5 % upper bound 8.13E-006 | uncoded 1.45E-001, deep-fade(<-6 dB) holds 21% of uncoded errors in 9% of bits, turbo 992c/0r/0a/0s
2026-07-25T11:11:37.6343429Z [mask] POOR WN1 @ +3 dB: 3,039,488 bits, 0 errors, 248 bursts (0 acquisition failures), 21517 s simulated, 4 workers — BER 0.00E+000, 97.5 % upper bound 1.21E-006 | uncoded 1.67E-001, deep-fade(<-6 dB) holds 20% of uncoded errors in 9% of bits, turbo 1984c/0r/0a/0s
2026-07-25T11:16:58.2277436Z [mask] POOR WN1 @ +3 dB (seed+10000): 3,039,488 bits, 0 errors, 248 bursts (0 acquisition failures), 21517 s simulated, 4 workers — BER 0.00E+000, 97.5 % upper bound 1.21E-006 | uncoded 1.67E-001, deep-fade(<-6 dB) holds 20% of uncoded errors in 9% of bits, turbo 1984c/0r/0a/0s
2026-07-25T11:17:11.7154701Z [mask] POOR WN5 @ +11 dB: 1,081,088 bits, 6 errors, 8 bursts (0 acquisition failures), 715 s simulated, 4 workers — BER 5.55E-006, 97.5 % upper bound 1.21E-005 | uncoded 3.27E-002, deep-fade(<-6 dB) holds 44% of uncoded errors in 9% of bits, turbo 88c/0r/0a/0s [SMOKE — below the §5.3 budget; not gate evidence]
2026-07-25T11:17:24.1426224Z [mask] POOR WN4 @ +10 dB: 851,712 bits, 0 errors, 8 bursts (0 acquisition failures), 749 s simulated, 4 workers — BER 0.00E+000, 97.5 % upper bound 4.31E-006 | uncoded 3.92E-002, deep-fade(<-6 dB) holds 42% of uncoded errors in 10% of bits, turbo 104c/0r/0a/0s [SMOKE — below the §5.3 budget; not gate evidence]
2026-07-25T11:17:39.3501006Z [mask] POOR WN3 @ +7 dB: 638,592 bits, 0 errors, 12 bursts (0 acquisition failures), 1123 s simulated, 4 workers — BER 0.00E+000, 97.5 % upper bound 5.74E-006 | uncoded 6.06E-002, deep-fade(<-6 dB) holds 33% of uncoded errors in 9% of bits, turbo 156c/0r/0a/0s [SMOKE — below the §5.3 budget; not gate evidence]
2026-07-25T11:18:50.2192248Z [mask] AWGN WN0 @ -6 dB: 3,000,704 bits, 0 errors, 476 bursts (0 acquisition failures), 42501 s simulated, 4 workers — BER 0.00E+000, 97.5 % upper bound 1.22E-006 | uncoded 1.61E-003, turbo 0c/0r/0a/5236s
2026-07-25T11:26:13.2952432Z [mask] AWGN WN1 @ -3 dB: 3,039,488 bits, 0 errors, 248 bursts (0 acquisition failures), 21517 s simulated, 4 workers — BER 0.00E+000, 97.5 % upper bound 1.21E-006 | uncoded 1.56E-001, turbo 1984c/0r/0a/0s
2026-07-25T11:31:34.2556246Z [mask] AWGN WN2 @ 0 dB: 3,043,456 bits, 0 errors, 124 bursts (0 acquisition failures), 10758 s simulated, 4 workers — BER 0.00E+000, 97.5 % upper bound 1.21E-006 | uncoded 7.44E-002, turbo 992c/0r/0a/0s
2026-07-25T11:33:42.1204303Z [mask] AWGN WN3 @ +3 dB: 3,192,960 bits, 0 errors, 60 bursts (0 acquisition failures), 5615 s simulated, 4 workers — BER 0.00E+000, 97.5 % upper bound 1.15E-006 | uncoded 2.75E-002, turbo 780c/0r/0a/0s
2026-07-25T11:34:50.7983694Z [mask] AWGN WN4 @ +5 dB: 3,406,848 bits, 0 errors, 32 bursts (0 acquisition failures), 2995 s simulated, 4 workers — BER 0.00E+000, 97.5 % upper bound 1.08E-006 | uncoded 6.68E-003, turbo 416c/0r/0a/0s
2026-07-25T11:35:46.2145224Z [mask] AWGN WN5 @ +6 dB: 3,243,264 bits, 0 errors, 24 bursts (0 acquisition failures), 2144 s simulated, 4 workers — BER 0.00E+000, 97.5 % upper bound 1.13E-006 | uncoded 1.54E-003, turbo 264c/0r/0a/0s
2026-07-25T11:36:14.2693091Z [mask] AWGN WN6 @ +9 dB: 3,243,648 bits, 0 errors, 12 bursts (0 acquisition failures), 1072 s simulated, 4 workers — BER 0.00E+000, 97.5 % upper bound 1.13E-006 | uncoded 1.45E-003, turbo 132c/0r/0a/0s
2026-07-25T11:36:33.5466920Z [mask] AWGN WN7 @ +13 dB: 3,243,776 bits, 0 errors, 8 bursts (0 acquisition failures), 715 s simulated, 4 workers — BER 0.00E+000, 97.5 % upper bound 1.13E-006 | uncoded 3.59E-003, turbo 88c/0r/0a/0s
2026-07-25T11:36:39.3259448Z [mask] AWGN WN8 @ +16 dB: 4,325,120 bits, 0 errors, 8 bursts (0 acquisition failures), 715 s simulated, 4 workers — BER 0.00E+000, 97.5 % upper bound 8.48E-007 | uncoded 3.97E-003, turbo 0c/0r/0a/88s
2026-07-25T11:37:17.1105803Z [mask] AWGN WN13 @ +6 dB: 3,243,520 bits, 0 errors, 16 bursts (0 acquisition failures), 1429 s simulated, 4 workers — BER 0.00E+000, 97.5 % upper bound 1.13E-006 | uncoded 1.92E-002, turbo 176c/0r/0a/0s
2026-07-25T11:40:39.3372798Z [mask] Static WID2 (0/3/9 ms) @ +9 dB (restated house bar): 3,043,456 bits, 0 errors, 124 bursts (0 acquisition failures), 10758 s simulated, 4 workers — BER 0.00E+000, 97.5 % upper bound 1.21E-006 | uncoded 7.21E-002, turbo 992c/0r/0a/0s
2026-07-25T11:41:15.2402304Z [mask] Doppler offset WN2 @ -75 Hz, 24 dB: 294,528 bits, 0 errors, 12 bursts (0 acquisition failures), 1041 s simulated, 4 workers — BER 0.00E+000, 97.5 % upper bound 1.25E-005 | uncoded 3.14E-005, turbo 96c/0r/0a/0s [SMOKE — below the §5.3 budget; not gate evidence]
2026-07-25T11:41:50.3303404Z [mask] Doppler offset WN2 @ +75 Hz, 24 dB: 294,528 bits, 0 errors, 12 bursts (0 acquisition failures), 1041 s simulated, 4 workers — BER 0.00E+000, 97.5 % upper bound 1.25E-005 | uncoded 3.31E-005, turbo 96c/0r/0a/0s [SMOKE — below the §5.3 budget; not gate evidence]
2026-07-25T11:41:59.9254641Z [mask] Doppler offset WN6 @ +75 Hz, 24 dB: 1,081,216 bits, 0 errors, 4 bursts (0 acquisition failures), 357 s simulated, 4 workers — BER 0.00E+000, 97.5 % upper bound 3.39E-006 | uncoded 0.00E+000, turbo 44c/0r/0a/0s [SMOKE — below the §5.3 budget; not gate evidence]
2026-07-25T11:43:08.9821950Z [mask] POOR WN6 @ +14 dB: 6,487,296 bits, 79 errors, 24 bursts (0 acquisition failures), 2144 s simulated, 4 workers — BER 1.22E-005 (direct, ≥30 errors) | uncoded 8.47E-002, deep-fade(<-6 dB) holds 27% of uncoded errors in 9% of bits, turbo 264c/0r/0a/0s
2026-07-25T11:44:10.7227304Z [mask] POOR WN6 @ +14 dB (seed+10000): 6,487,296 bits, 51 errors, 24 bursts (0 acquisition failures), 2144 s simulated, 4 workers — BER 7.86E-006 (direct, ≥30 errors) | uncoded 8.13E-002, deep-fade(<-6 dB) holds 28% of uncoded errors in 9% of bits, turbo 264c/0r/0a/0s
